<?xml version="1.0" encoding="UTF-8"?>
<testsuites name="jest tests" tests="13" failures="0" time="6.804">
  <testsuite name="CrearUsuarios" errors="0" failures="0" skipped="0" timestamp="2024-10-01T02:41:39" time="3.983" tests="8">
    <testcase classname="CrearUsuarios Crear usuario con perfil existente correctamente" name="CrearUsuarios Crear usuario con perfil existente correctamente" time="0.088">
    </testcase>
    <testcase classname="CrearUsuarios No crear usuario con perfil inexistente" name="CrearUsuarios No crear usuario con perfil inexistente" time="0.012">
    </testcase>
    <testcase classname="CrearUsuarios No crear usuario con correo duplicado" name="CrearUsuarios No crear usuario con correo duplicado" time="0.003">
    </testcase>
    <testcase classname="CrearUsuarios No crear usuario con nombre de usuario duplicado" name="CrearUsuarios No crear usuario con nombre de usuario duplicado" time="0.004">
    </testcase>
    <testcase classname="CrearUsuarios No crear usuario con correo de usuario duplicado" name="CrearUsuarios No crear usuario con correo de usuario duplicado" time="0.002">
    </testcase>
    <testcase classname="CrearUsuarios No crear usuario con correo inválido" name="CrearUsuarios No crear usuario con correo inválido" time="0.004">
    </testcase>
    <testcase classname="CrearUsuarios No crear usuario con campos faltantes" name="CrearUsuarios No crear usuario con campos faltantes" time="0.001">
    </testcase>
    <testcase classname="CrearUsuarios Crear usuario con perfil por defecto si no se proporciona" name="CrearUsuarios Crear usuario con perfil por defecto si no se proporciona" time="0.069">
    </testcase>
  </testsuite>
  <testsuite name="AsociarPerfil" errors="0" failures="0" skipped="0" timestamp="2024-10-01T02:41:44" time="0.501" tests="3">
    <testcase classname="AsociarPerfil Validar que el perfil exista" name="AsociarPerfil Validar que el perfil exista" time="0.017">
    </testcase>
    <testcase classname="AsociarPerfil Validar que el usuario exista" name="AsociarPerfil Validar que el usuario exista" time="0.002">
    </testcase>
    <testcase classname="AsociarPerfil Asociar perfil exitosamente" name="AsociarPerfil Asociar perfil exitosamente" time="0.004">
    </testcase>
  </testsuite>
  <testsuite name="Testing: Pruebas unitarias funciones" errors="0" failures="0" skipped="0" timestamp="2024-10-01T02:41:44" time="0.088" tests="2">
    <testcase classname="Testing: Pruebas unitarias funciones Testing: Funcion OnCreate always be true" name="Testing: Pruebas unitarias funciones Testing: Funcion OnCreate always be true" time="0.002">
    </testcase>
    <testcase classname="Testing: Pruebas unitarias funciones Testing: Funcion OnUpdate always be true" name="Testing: Pruebas unitarias funciones Testing: Funcion OnUpdate always be true" time="0">
    </testcase>
  </testsuite>
</testsuites>